Fetching binary artifact https://github.com/sparkle-project/Sparkle/releases/download/2.10.0/Sparkle-for-Swift-Package-Manager.zip from cache
Fetched https://github.com/sparkle-project/Sparkle/releases/download/2.10.0/Sparkle-for-Swift-Package-Manager.zip from cache (0.52s)
Building for debugging...
[Planning deferred tasks]
[25 / 61]
[36 / 62] Louppe-product
[39 / 74] XMPBridge
[40 / 75] XMPBridge
[45 / 75] XMPBridge
[47 / 75] XMPBridge
[48 / 75] XMPBridge
[49 / 75] XMPBridge
[50 / 123]
/Users/alexander_markin/Documents/code/louppe/app/Sources/XMPBridge/XMPBridge.mm:507:9: warning: implicit conversion loses integer precision: 'size_t' (aka 'unsigned long') to 'XMP_StringLen' (aka 'unsigned int') [-Wshorten-64-to-32]
  505 |     packet.ParseFromBuffer(
      |            ~~~~~~~~~~~~~~~
  506 |         reinterpret_cast<const char *>(inputBytes),
  507 |         inputLength,
      |         ^~~~~~~~~~~
/Users/alexander_markin/Documents/code/louppe/app/Sources/XMPBridge/XMPBridge.mm:636:43: warning: implicit conversion loses integer precision: 'size_type' (aka 'unsigned long') to 'XMP_StringLen' (aka 'unsigned int') [-Wshorten-64-to-32]
  635 |         reparsed.ParseFromBuffer(
      |                  ~~~~~~~~~~~~~~~
  636 |             serialized.data(), serialized.size(), kXMP_RequireXMPMeta
      |                                ~~~~~~~~~~~^~~~~~
2 warnings generated.
[52 / 163]
[54 / 163]
[62 / 163]
[67 / 163]
[70 / 163]
[76 / 163]
[90 / 163]
[91 / 163]
[93 / 163] XMPBridge
[93 / 163]
[94 / 163]
/Users/alexander_markin/Documents/code/louppe/app/Sources/XMPBridge/Vendor/Expat/expat/lib/xmlparse.c:4176:23: warning: implicit conversion loses integer precision: 'unsigned long' to 'unsigned int' [-Wshorten-64-to-32]
 4176 |           j = uriHash & mask; /* index into hash table */
      |             ~ ~~~~~~~~^~~~~~
1 warning generated.
[101 / 163]
[103 / 163]
[106 / 163]
[108 / 163]
[112 / 163]
[114 / 163]
[115 / 163]
[117 / 163]
[118 / 163]
[129 / 163]
[132 / 163]
[134 / 163]
[138 / 163]
[143 / 163]
[144 / 163]
[146 / 163]
[158 / 163] Louppe-product
[159 / 163] Louppe-product
[161 / 163] Louppe-product
Build complete! (28,14 sec)
